******************************************************************************
                  MSP430 Linker PC v15.12.1                    
******************************************************************************
>> Linked Thu Dec 01 21:45:24 2016

OUTPUT FILE NAME:   <WS8211 Controller.out>
ENTRY POINT SYMBOL: "_c_int00_noargs_noexit"  address: 0000cfd0


MEMORY CONFIGURATION

         name            origin    length      used     unused   attr    fill
----------------------  --------  ---------  --------  --------  ----  --------
  SFR                   00000000   00000010  00000000  00000010  RWIX
  PERIPHERALS_8BIT      00000010   000000f0  00000000  000000f0  RWIX
  PERIPHERALS_16BIT     00000100   00000100  00000000  00000100  RWIX
  RAM                   00000200   00000200  0000005e  000001a2  RWIX
  INFOD                 00001000   00000040  00000000  00000040  RWIX
  INFOC                 00001040   00000040  00000000  00000040  RWIX
  INFOB                 00001080   00000040  00000000  00000040  RWIX
  INFOA                 000010c0   00000040  00000000  00000040  RWIX
  FLASH                 0000c000   00003fde  000010cc  00002f12  RWIX
  BSLSIGNATURE          0000ffde   00000002  00000002  00000000  RWIX  ffff 
  INT00                 0000ffe0   00000002  00000002  00000000  RWIX
  INT01                 0000ffe2   00000002  00000000  00000002  RWIX
  INT02                 0000ffe4   00000002  00000002  00000000  RWIX
  INT03                 0000ffe6   00000002  00000002  00000000  RWIX
  INT04                 0000ffe8   00000002  00000000  00000002  RWIX
  INT05                 0000ffea   00000002  00000002  00000000  RWIX
  INT06                 0000ffec   00000002  00000002  00000000  RWIX
  INT07                 0000ffee   00000002  00000002  00000000  RWIX
  INT08                 0000fff0   00000002  00000002  00000000  RWIX
  INT09                 0000fff2   00000002  00000002  00000000  RWIX
  INT10                 0000fff4   00000002  00000002  00000000  RWIX
  INT11                 0000fff6   00000002  00000002  00000000  RWIX
  INT12                 0000fff8   00000002  00000002  00000000  RWIX
  INT13                 0000fffa   00000002  00000002  00000000  RWIX
  INT14                 0000fffc   00000002  00000002  00000000  RWIX
  RESET                 0000fffe   00000002  00000002  00000000  RWIX


SECTION ALLOCATION MAP

 output                                  attributes/
section   page    origin      length       input sections
--------  ----  ----------  ----------   ----------------
.data      0    00000200    0000000a     UNINITIALIZED
                  00000200    00000004     rts430_eabi.lib : rand.obj (.data)
                  00000204    00000002                     : _lock.obj (.data:_lock)
                  00000206    00000002                     : _lock.obj (.data:_unlock)
                  00000208    00000002     main.obj (.data)

.bss       0    0000020a    00000004     UNINITIALIZED
                  0000020a    00000004     Timer.obj (.bss)

.stack     0    000003b0    00000050     UNINITIALIZED
                  000003b0    00000002     rts430_eabi.lib : boot.obj (.stack)
                  000003b2    0000004e     --HOLE--

.text      0    0000c000    00001098     
                  0000c000    000003d4     Sparkle.obj (.text:Sparkle_update)
                  0000c3d4    0000027e     WS8211.obj (.text:__ws8211_update)
                  0000c652    000001d2     Color.obj (.text:Color_fromWheel)
                  0000c824    00000132     rts430_eabi.lib : fs_add.obj (.text)
                  0000c956    000000c4                     : fs_mpy.obj (.text)
                  0000ca1a    0000009c     Sparkle.obj (.text:Sparkle_init)
                  0000cab6    0000009c     rts430_eabi.lib : fs_div.obj (.text)
                  0000cb52    0000006e                     : autoinit.obj (.text:_auto_init)
                  0000cbc0    00000064                     : copy_decompress_rle.obj (.text:__TI_decompress_rle_core)
                  0000cc24    00000062     main.obj (.text:main)
                  0000cc86    0000005c     Sparkle.obj (.text:_makeSparkle)
                  0000cce2    0000005a     rts430_eabi.lib : cpy_tbl.obj (.text:copy_in)
                  0000cd3c    00000058                     : div32u.obj (.text)
                  0000cd94    00000046                     : fs_tou.obj (.text)
                  0000cdda    0000003e                     : asr32.obj (.text:l_asr_const)
                  0000ce18    00000038                     : rand.obj (.text:rand)
                  0000ce50    00000036                     : fs_itof.obj (.text)
                  0000ce86    00000030     WS8211.obj (.text:ws8211_init)
                  0000ceb6    0000002e     Sparkle.obj (.text:_ledInList)
                  0000cee4    0000002c     Timer.obj (.text:Timer_init)
                  0000cf10    0000002c     rts430_eabi.lib : div16s.obj (.text)
                  0000cf3c    0000002a     WS8211.obj (.text:ws8211_setPixel)
                  0000cf66    00000026     rts430_eabi.lib : mult32.obj (.text)
                  0000cf8c    00000024                     : fs_utof.obj (.text)
                  0000cfb0    00000020     WS8211.obj (.text:Color_rgb)
                  0000cfd0    0000001a     rts430_eabi.lib : boot_special.obj (.text:_c_int00_noargs_noexit)
                  0000cfea    00000016                     : div16u.obj (.text)
                  0000d000    00000014                     : mult16.obj (.text)
                  0000d014    00000012                     : copy_decompress_none.obj (.text:decompress:none:__TI_decompress_none)
                  0000d026    00000012                     : memcpy.obj (.text:memcpy)
                  0000d038    00000012     Timer.obj (.text:timer_A0)
                  0000d04a    00000010     rts430_eabi.lib : epilog.obj (.text)
                  0000d05a    0000000e     Timer.obj (.text:Timer_getMillis)
                  0000d068    0000000e     WS8211.obj (.text:ws8211_update)
                  0000d076    00000008     rts430_eabi.lib : isr_trap.obj (.text:_isr:__TI_ISR_TRAP)
                  0000d07e    00000006     main.obj (.text:TRAPINT_ISR)
                  0000d084    00000006     rts430_eabi.lib : exit.obj (.text:abort)
                  0000d08a    00000006                     : copy_decompress_rle.obj (.text:decompress:rle24:__TI_decompress_rle24)
                  0000d090    00000004                     : pre_init.obj (.text:_system_pre_init)
                  0000d094    00000002                     : _lock.obj (.text:_nop)
                  0000d096    00000002                     : startup.obj (.text:_system_post_cinit)

.const     0    0000d098    00000012     
                  0000d098    00000006     Color.obj (.const:.string:$P$T0$1)
                  0000d09e    00000006     Color.obj (.const:.string:$P$T1$2)
                  0000d0a4    00000006     Color.obj (.const:.string:$P$T2$3)

.cinit     0    0000d0aa    00000022     
                  0000d0aa    0000000e     (.cinit..data.load) [load image]
                  0000d0b8    00000008     (.cinit..bss.load) [load image]
                  0000d0c0    00000004     (__TI_handler_table)
                  0000d0c4    00000008     (__TI_cinit_table)

.init_array 
*          0    0000c000    00000000     UNINITIALIZED

TRAPINT    0    0000ffe0    00000002     
                  0000ffe0    00000002     rts430_eabi.lib : int00.obj (.int00)

PORT1      0    0000ffe4    00000002     
                  0000ffe4    00000002     main.obj (.int02)

PORT2      0    0000ffe6    00000002     
                  0000ffe6    00000002     main.obj (.int03)

$fill000   0    0000ffde    00000002     
                  0000ffde    00000002     --HOLE-- [fill = ffff]

ADC10      0    0000ffea    00000002     
                  0000ffea    00000002     main.obj (.int05)

USCIAB0TX 
*          0    0000ffec    00000002     
                  0000ffec    00000002     main.obj (.int06)

USCIAB0RX 
*          0    0000ffee    00000002     
                  0000ffee    00000002     main.obj (.int07)

TIMER0_A1 
*          0    0000fff0    00000002     
                  0000fff0    00000002     Timer.obj (.int08)

TIMER0_A0 
*          0    0000fff2    00000002     
                  0000fff2    00000002     main.obj (.int09)

WDT        0    0000fff4    00000002     
                  0000fff4    00000002     main.obj (.int10)

COMPARATORA 
*          0    0000fff6    00000002     
                  0000fff6    00000002     main.obj (.int11)

TIMER1_A1 
*          0    0000fff8    00000002     
                  0000fff8    00000002     main.obj (.int12)

TIMER1_A0 
*          0    0000fffa    00000002     
                  0000fffa    00000002     main.obj (.int13)

NMI        0    0000fffc    00000002     
                  0000fffc    00000002     main.obj (.int14)

.reset     0    0000fffe    00000002     
                  0000fffe    00000002     rts430_eabi.lib : boot.obj (.reset)

MODULE SUMMARY

       Module                     code   ro data   rw data
       ------                     ----   -------   -------
    .\
       Sparkle.obj                1274   0         0      
       WS8211.obj                 774    0         0      
       Color.obj                  466    18        0      
       main.obj                   104    22        2      
       Timer.obj                  76     2         4      
    +--+--------------------------+------+---------+---------+
       Total:                     2694   42        6      
                                                          
    C:\ti\ccsv6\tools\compiler\ti-cgt-msp430_15.12.1.LTS\lib\rts430_eabi.lib
       fs_add.obj                 306    0         0      
       fs_mpy.obj                 196    0         0      
       fs_div.obj                 156    0         0      
       autoinit.obj               110    0         0      
       copy_decompress_rle.obj    106    0         0      
       cpy_tbl.obj                90     0         0      
       div32u.obj                 88     0         0      
       fs_tou.obj                 70     0         0      
       asr32.obj                  62     0         0      
       rand.obj                   56     0         4      
       fs_itof.obj                54     0         0      
       div16s.obj                 44     0         0      
       mult32.obj                 38     0         0      
       fs_utof.obj                36     0         0      
       boot_special.obj           26     0         0      
       div16u.obj                 22     0         0      
       mult16.obj                 20     0         0      
       copy_decompress_none.obj   18     0         0      
       memcpy.obj                 18     0         0      
       epilog.obj                 16     0         0      
       isr_trap.obj               8      0         0      
       _lock.obj                  2      0         4      
       exit.obj                   6      0         0      
       pre_init.obj               4      0         0      
       boot.obj                   0      2         0      
       int00.obj                  0      2         0      
       startup.obj                2      0         0      
    +--+--------------------------+------+---------+---------+
       Total:                     1554   4         8      
                                                          
       Stack:                     0      0         80     
       Linker Generated:          0      34        0      
    +--+--------------------------+------+---------+---------+
       Grand Total:               4248   80        94     


LINKER GENERATED COPY TABLES

__TI_cinit_table @ 0000d0c4 records: 2, size/record: 4, table size: 8
	.data: load addr=0000d0aa, load size=0000000e bytes, run addr=00000200, run size=0000000a bytes, compression=copy
	.bss: load addr=0000d0b8, load size=00000008 bytes, run addr=0000020a, run size=00000004 bytes, compression=copy


LINKER GENERATED HANDLER TABLE

__TI_handler_table @ 0000d0c0 records: 2, size/record: 2, table size: 4
	index: 0, handler: __TI_decompress_rle24
	index: 1, handler: __TI_decompress_none


GLOBAL SYMBOLS: SORTED ALPHABETICALLY BY Name 

address   name                    
-------   ----                    
0000004a  ADC10AE0                
000001b0  ADC10CTL0               
000001b2  ADC10CTL1               
00000048  ADC10DTC0               
00000049  ADC10DTC1               
000001b4  ADC10MEM                
000001bc  ADC10SA                 
00000057  BCSCTL1                 
00000058  BCSCTL2                 
00000053  BCSCTL3                 
0000d084  C$$EXIT                 
00000059  CACTL1                  
0000005a  CACTL2                  
000010fb  CALBC1_12MHZ            
000010f9  CALBC1_16MHZ            
000010ff  CALBC1_1MHZ             
000010fd  CALBC1_8MHZ             
000010fa  CALDCO_12MHZ            
000010f8  CALDCO_16MHZ            
000010fe  CALDCO_1MHZ             
000010fc  CALDCO_8MHZ             
0000005b  CAPD                    
0000c652  Color_fromWheel         
0000cfb0  Color_rgb               
00000056  DCOCTL                  
00000128  FCTL1                   
0000012a  FCTL2                   
0000012c  FCTL3                   
00000000  IE1                     
00000001  IE2                     
00000002  IFG1                    
00000003  IFG2                    
00000022  P1DIR                   
00000025  P1IE                    
00000024  P1IES                   
00000023  P1IFG                   
00000020  P1IN                    
00000021  P1OUT                   
00000027  P1REN                   
00000026  P1SEL                   
00000041  P1SEL2                  
0000002a  P2DIR                   
0000002d  P2IE                    
0000002c  P2IES                   
0000002b  P2IFG                   
00000028  P2IN                    
00000029  P2OUT                   
0000002f  P2REN                   
0000002e  P2SEL                   
00000042  P2SEL2                  
0000001a  P3DIR                   
00000018  P3IN                    
00000019  P3OUT                   
00000010  P3REN                   
0000001b  P3SEL                   
00000043  P3SEL2                  
0000ca1a  Sparkle_init            
0000c000  Sparkle_update          
00000172  TA0CCR0                 
00000174  TA0CCR1                 
00000176  TA0CCR2                 
00000162  TA0CCTL0                
00000164  TA0CCTL1                
00000166  TA0CCTL2                
00000160  TA0CTL                  
0000012e  TA0IV                   
00000170  TA0R                    
00000192  TA1CCR0                 
00000194  TA1CCR1                 
00000196  TA1CCR2                 
00000182  TA1CCTL0                
00000184  TA1CCTL1                
00000186  TA1CCTL2                
00000180  TA1CTL                  
0000011e  TA1IV                   
00000190  TA1R                    
000010db  TLV_ADC10_1_LEN         
000010da  TLV_ADC10_1_TAG         
000010c0  TLV_CHECKSUM            
000010f7  TLV_DCO_30_LEN          
000010f6  TLV_DCO_30_TAG          
0000d07e  TRAPINT_ISR             
0000d05a  Timer_getMillis         
0000cee4  Timer_init              
0000005d  UCA0ABCTL               
00000062  UCA0BR0                 
00000063  UCA0BR1                 
00000060  UCA0CTL0                
00000061  UCA0CTL1                
0000005f  UCA0IRRCTL              
0000005e  UCA0IRTCTL              
00000064  UCA0MCTL                
00000066  UCA0RXBUF               
00000065  UCA0STAT                
00000067  UCA0TXBUF               
0000006a  UCB0BR0                 
0000006b  UCB0BR1                 
00000068  UCB0CTL0                
00000069  UCB0CTL1                
0000006c  UCB0I2CIE               
00000118  UCB0I2COA               
0000011a  UCB0I2CSA               
0000006e  UCB0RXBUF               
0000006d  UCB0STAT                
0000006f  UCB0TXBUF               
00000120  WDTCTL                  
00000400  __STACK_END             
00000050  __STACK_SIZE            
UNDEFED   __TI_BINIT_Base         
UNDEFED   __TI_BINIT_Limit        
0000d0c4  __TI_CINIT_Base         
0000d0cc  __TI_CINIT_Limit        
0000d0c0  __TI_Handler_Table_Base 
0000d0c4  __TI_Handler_Table_Limit
UNDEFED   __TI_INITARRAY_Base     
UNDEFED   __TI_INITARRAY_Limit    
0000d076  __TI_ISR_TRAP           
0000d014  __TI_decompress_none    
0000d08a  __TI_decompress_rle24   
0000ffe0  __TI_int00              
0000ffe4  __TI_int02              
0000ffe6  __TI_int03              
0000ffea  __TI_int05              
0000ffec  __TI_int06              
0000ffee  __TI_int07              
0000fff0  __TI_int08              
0000fff2  __TI_int09              
0000fff4  __TI_int10              
0000fff6  __TI_int11              
0000fff8  __TI_int12              
0000fffa  __TI_int13              
0000fffc  __TI_int14              
ffffffff  __TI_pprof_out_hndl     
ffffffff  __TI_prof_data_size     
ffffffff  __TI_prof_data_start    
ffffffff  __c_args__              
0000c82a  __mspabi_addf           
0000cab6  __mspabi_divf           
0000cf10  __mspabi_divi           
0000cfea  __mspabi_divu           
0000cd3c  __mspabi_divul          
0000cd94  __mspabi_fixfu          
0000ce50  __mspabi_fltif          
0000cf8c  __mspabi_fltuf          
0000d056  __mspabi_func_epilog_1  
0000d054  __mspabi_func_epilog_2  
0000d052  __mspabi_func_epilog_3  
0000d050  __mspabi_func_epilog_4  
0000d04e  __mspabi_func_epilog_5  
0000d04c  __mspabi_func_epilog_6  
0000d04a  __mspabi_func_epilog_7  
0000c956  __mspabi_mpyf           
0000d000  __mspabi_mpyi           
0000d000  __mspabi_mpyi_sw        
0000cf66  __mspabi_mpyl           
0000cf66  __mspabi_mpyl_sw        
0000cf10  __mspabi_remi           
0000cfea  __mspabi_remu           
0000cd3c  __mspabi_remul          
0000ce12  __mspabi_sral_1         
0000cdee  __mspabi_sral_10        
0000cdea  __mspabi_sral_11        
0000cde6  __mspabi_sral_12        
0000cde2  __mspabi_sral_13        
0000cdde  __mspabi_sral_14        
0000cdda  __mspabi_sral_15        
0000ce0e  __mspabi_sral_2         
0000ce0a  __mspabi_sral_3         
0000ce06  __mspabi_sral_4         
0000ce02  __mspabi_sral_5         
0000cdfe  __mspabi_sral_6         
0000cdfa  __mspabi_sral_7         
0000cdf6  __mspabi_sral_8         
0000cdf2  __mspabi_sral_9         
0000c824  __mspabi_subf           
0000c3d4  __ws8211_update         
0000cb52  _auto_init              
0000cfd0  _c_int00_noargs_noexit  
0000ceb6  _ledInList              
00000204  _lock                   
0000d094  _nop                    
0000fffe  _reset_vector           
000003b0  _stack                  
0000d096  _system_post_cinit      
0000d090  _system_pre_init        
00000206  _unlock                 
0000d084  abort                   
00000208  cnt                     
0000cce2  copy_in                 
0000cc24  main                    
0000d026  memcpy                  
0000ce18  rand                    
0000d038  timer_A0                
0000ce86  ws8211_init             
0000cf3c  ws8211_setPixel         
0000d068  ws8211_update           


GLOBAL SYMBOLS: SORTED BY Symbol Address 

address   name                    
-------   ----                    
00000000  IE1                     
00000001  IE2                     
00000002  IFG1                    
00000003  IFG2                    
00000010  P3REN                   
00000018  P3IN                    
00000019  P3OUT                   
0000001a  P3DIR                   
0000001b  P3SEL                   
00000020  P1IN                    
00000021  P1OUT                   
00000022  P1DIR                   
00000023  P1IFG                   
00000024  P1IES                   
00000025  P1IE                    
00000026  P1SEL                   
00000027  P1REN                   
00000028  P2IN                    
00000029  P2OUT                   
0000002a  P2DIR                   
0000002b  P2IFG                   
0000002c  P2IES                   
0000002d  P2IE                    
0000002e  P2SEL                   
0000002f  P2REN                   
00000041  P1SEL2                  
00000042  P2SEL2                  
00000043  P3SEL2                  
00000048  ADC10DTC0               
00000049  ADC10DTC1               
0000004a  ADC10AE0                
00000050  __STACK_SIZE            
00000053  BCSCTL3                 
00000056  DCOCTL                  
00000057  BCSCTL1                 
00000058  BCSCTL2                 
00000059  CACTL1                  
0000005a  CACTL2                  
0000005b  CAPD                    
0000005d  UCA0ABCTL               
0000005e  UCA0IRTCTL              
0000005f  UCA0IRRCTL              
00000060  UCA0CTL0                
00000061  UCA0CTL1                
00000062  UCA0BR0                 
00000063  UCA0BR1                 
00000064  UCA0MCTL                
00000065  UCA0STAT                
00000066  UCA0RXBUF               
00000067  UCA0TXBUF               
00000068  UCB0CTL0                
00000069  UCB0CTL1                
0000006a  UCB0BR0                 
0000006b  UCB0BR1                 
0000006c  UCB0I2CIE               
0000006d  UCB0STAT                
0000006e  UCB0RXBUF               
0000006f  UCB0TXBUF               
00000118  UCB0I2COA               
0000011a  UCB0I2CSA               
0000011e  TA1IV                   
00000120  WDTCTL                  
00000128  FCTL1                   
0000012a  FCTL2                   
0000012c  FCTL3                   
0000012e  TA0IV                   
00000160  TA0CTL                  
00000162  TA0CCTL0                
00000164  TA0CCTL1                
00000166  TA0CCTL2                
00000170  TA0R                    
00000172  TA0CCR0                 
00000174  TA0CCR1                 
00000176  TA0CCR2                 
00000180  TA1CTL                  
00000182  TA1CCTL0                
00000184  TA1CCTL1                
00000186  TA1CCTL2                
00000190  TA1R                    
00000192  TA1CCR0                 
00000194  TA1CCR1                 
00000196  TA1CCR2                 
000001b0  ADC10CTL0               
000001b2  ADC10CTL1               
000001b4  ADC10MEM                
000001bc  ADC10SA                 
00000204  _lock                   
00000206  _unlock                 
00000208  cnt                     
000003b0  _stack                  
00000400  __STACK_END             
000010c0  TLV_CHECKSUM            
000010da  TLV_ADC10_1_TAG         
000010db  TLV_ADC10_1_LEN         
000010f6  TLV_DCO_30_TAG          
000010f7  TLV_DCO_30_LEN          
000010f8  CALDCO_16MHZ            
000010f9  CALBC1_16MHZ            
000010fa  CALDCO_12MHZ            
000010fb  CALBC1_12MHZ            
000010fc  CALDCO_8MHZ             
000010fd  CALBC1_8MHZ             
000010fe  CALDCO_1MHZ             
000010ff  CALBC1_1MHZ             
0000c000  Sparkle_update          
0000c3d4  __ws8211_update         
0000c652  Color_fromWheel         
0000c824  __mspabi_subf           
0000c82a  __mspabi_addf           
0000c956  __mspabi_mpyf           
0000ca1a  Sparkle_init            
0000cab6  __mspabi_divf           
0000cb52  _auto_init              
0000cc24  main                    
0000cce2  copy_in                 
0000cd3c  __mspabi_divul          
0000cd3c  __mspabi_remul          
0000cd94  __mspabi_fixfu          
0000cdda  __mspabi_sral_15        
0000cdde  __mspabi_sral_14        
0000cde2  __mspabi_sral_13        
0000cde6  __mspabi_sral_12        
0000cdea  __mspabi_sral_11        
0000cdee  __mspabi_sral_10        
0000cdf2  __mspabi_sral_9         
0000cdf6  __mspabi_sral_8         
0000cdfa  __mspabi_sral_7         
0000cdfe  __mspabi_sral_6         
0000ce02  __mspabi_sral_5         
0000ce06  __mspabi_sral_4         
0000ce0a  __mspabi_sral_3         
0000ce0e  __mspabi_sral_2         
0000ce12  __mspabi_sral_1         
0000ce18  rand                    
0000ce50  __mspabi_fltif          
0000ce86  ws8211_init             
0000ceb6  _ledInList              
0000cee4  Timer_init              
0000cf10  __mspabi_divi           
0000cf10  __mspabi_remi           
0000cf3c  ws8211_setPixel         
0000cf66  __mspabi_mpyl           
0000cf66  __mspabi_mpyl_sw        
0000cf8c  __mspabi_fltuf          
0000cfb0  Color_rgb               
0000cfd0  _c_int00_noargs_noexit  
0000cfea  __mspabi_divu           
0000cfea  __mspabi_remu           
0000d000  __mspabi_mpyi           
0000d000  __mspabi_mpyi_sw        
0000d014  __TI_decompress_none    
0000d026  memcpy                  
0000d038  timer_A0                
0000d04a  __mspabi_func_epilog_7  
0000d04c  __mspabi_func_epilog_6  
0000d04e  __mspabi_func_epilog_5  
0000d050  __mspabi_func_epilog_4  
0000d052  __mspabi_func_epilog_3  
0000d054  __mspabi_func_epilog_2  
0000d056  __mspabi_func_epilog_1  
0000d05a  Timer_getMillis         
0000d068  ws8211_update           
0000d076  __TI_ISR_TRAP           
0000d07e  TRAPINT_ISR             
0000d084  C$$EXIT                 
0000d084  abort                   
0000d08a  __TI_decompress_rle24   
0000d090  _system_pre_init        
0000d094  _nop                    
0000d096  _system_post_cinit      
0000d0c0  __TI_Handler_Table_Base 
0000d0c4  __TI_CINIT_Base         
0000d0c4  __TI_Handler_Table_Limit
0000d0cc  __TI_CINIT_Limit        
0000ffe0  __TI_int00              
0000ffe4  __TI_int02              
0000ffe6  __TI_int03              
0000ffea  __TI_int05              
0000ffec  __TI_int06              
0000ffee  __TI_int07              
0000fff0  __TI_int08              
0000fff2  __TI_int09              
0000fff4  __TI_int10              
0000fff6  __TI_int11              
0000fff8  __TI_int12              
0000fffa  __TI_int13              
0000fffc  __TI_int14              
0000fffe  _reset_vector           
ffffffff  __TI_pprof_out_hndl     
ffffffff  __TI_prof_data_size     
ffffffff  __TI_prof_data_start    
ffffffff  __c_args__              
UNDEFED   __TI_BINIT_Base         
UNDEFED   __TI_BINIT_Limit        
UNDEFED   __TI_INITARRAY_Base     
UNDEFED   __TI_INITARRAY_Limit    

[196 symbols]
